{"ts":"2025-12-26T23:41:33.819Z","cmd":"status","authorized":false}
{"ts":"2025-12-27T00:27:31.810Z","cmd":"status","authorized":false}
{"ts":"2025-12-27T00:27:38.153Z","cmd":"echo hello","authorized":true}
{"ts":"2025-12-27T04:05:18.700Z","cmd":"status","authorized":false}
{"ts":"2025-12-27T04:06:24.233Z","cmd":"status","authorized":false}
{"ts":"2025-12-27T04:06:24.234Z","cmd":"health","authorized":false}
{"ts":"2025-12-27T04:06:24.235Z","cmd":"diagnostics","authorized":false}
{"ts":"2025-12-27T04:06:24.236Z","cmd":"unknown-cmd","authorized":false}
{"ts":"2025-12-27T04:07:56.816Z","cmd":"status","authorized":false}
{"ts":"2025-12-27T04:07:56.817Z","cmd":"health","authorized":false}
{"ts":"2025-12-27T04:07:56.818Z","cmd":"diagnostics","authorized":false}
{"ts":"2025-12-27T04:07:56.819Z","cmd":"unknown-cmd","authorized":false}
{"ts":"2025-12-27T04:22:15.828Z","cmd":"","authorized":false}
{"ts":"2025-12-27T04:22:15.837Z","cmd":"","authorized":false}
{"ts":"2025-12-27T04:22:43.621Z","cmd":"status","authorized":false}
{"ts":"2025-12-27T04:22:43.625Z","cmd":"health","authorized":false}
{"ts":"2025-12-27T04:22:43.626Z","cmd":"diagnostics","authorized":false}
{"ts":"2025-12-27T04:22:43.627Z","cmd":"unknown-cmd","authorized":false}
{"ts":"2025-12-27T04:28:34.621Z","cmd":"status","authorized":false}
{"ts":"2025-12-27T04:28:34.623Z","cmd":"health","authorized":false}
{"ts":"2025-12-27T04:28:34.624Z","cmd":"diagnostics","authorized":false}
{"ts":"2025-12-27T04:28:34.625Z","cmd":"unknown-cmd","authorized":false}
{"ts":"2025-12-27T04:36:44.135Z","cmd":"status","authorized":false}
{"ts":"2025-12-27T04:36:44.135Z","cmd":"health","authorized":false}
{"ts":"2025-12-27T04:36:44.136Z","cmd":"diagnostics","authorized":false}
{"ts":"2025-12-27T04:36:44.137Z","cmd":"unknown-cmd","authorized":false}
{"ts":"2025-12-27T04:49:32.746Z","cmd":"status","authorized":false}
{"ts":"2025-12-27T04:49:32.747Z","cmd":"health","authorized":false}
{"ts":"2025-12-27T04:49:32.748Z","cmd":"diagnostics","authorized":false}
{"ts":"2025-12-27T04:49:32.749Z","cmd":"unknown-cmd","authorized":false}
