{"ts":"2025-12-27T03:58:29.215Z","level":"info","component":"ai","message":"prompt_received","meta":{"prompt":"health check"}}
{"ts":"2025-12-27T03:58:29.216Z","level":"info","component":"ai","message":"reply_generated","meta":{"prompt":"health check","reply":"LOCAL_MODEL: No exact seed match; suggest running diagnostics."}}
{"ts":"2025-12-27T03:59:47.362Z","level":"info","component":"ai","message":"prompt_received","meta":{"prompt":"status"}}
{"ts":"2025-12-27T03:59:47.362Z","level":"info","component":"ai","message":"reply_generated","meta":{"prompt":"status","reply":"{\n  \"status\": \"RUNNING\",\n  \"mode\": \"RUN\",\n  \"successRate\": 100\n}"}}
{"ts":"2025-12-27T03:59:51.221Z","level":"info","component":"ai","message":"prompt_received","meta":{"prompt":"diagnostics"}}
{"ts":"2025-12-27T03:59:51.221Z","level":"info","component":"ai","message":"reply_generated","meta":{"prompt":"diagnostics","reply":"{\n  \"diagnostics\": {\n    \"kernel\": \"OK\",\n    \"modules\": 9,\n    \"wasm\": true,\n    \"memory\": {\n      \"rss\": 60964864,\n      \"heapTotal\": 12382208,\n      \"heapUsed\": 8469520,\n      \"external\": 3636098,\n      \"arrayBuffers\": 33632\n    }\n  }\n}"}}
{"ts":"2025-12-27T04:06:24.225Z","level":"info","component":"ai","message":"prompt_received","meta":{"prompt":"status"}}
{"ts":"2025-12-27T04:06:24.226Z","level":"info","component":"ai","message":"reply_generated","meta":{"prompt":"status","reply":"{\n  \"status\": \"RUNNING\",\n  \"mode\": \"RUN\",\n  \"successRate\": 100\n}"}}
{"ts":"2025-12-27T04:06:24.227Z","level":"info","component":"ai","message":"prompt_received","meta":{"prompt":"health"}}
{"ts":"2025-12-27T04:06:24.227Z","level":"info","component":"ai","message":"reply_generated","meta":{"prompt":"health","reply":"{\n  \"health\": \"HEALTHY\",\n  \"uptime\": 402125,\n  \"memory\": {\n    \"rss\": 61358080,\n    \"heapTotal\": 12382208,\n    \"heapUsed\": 8912024,\n    \"external\": 3636192,\n    \"arrayBuffers\": 33686\n  }\n}"}}
{"ts":"2025-12-27T04:06:24.229Z","level":"info","component":"ai","message":"prompt_received","meta":{"prompt":"diagnostics"}}
{"ts":"2025-12-27T04:06:24.229Z","level":"info","component":"ai","message":"reply_generated","meta":{"prompt":"diagnostics","reply":"{\n  \"diagnostics\": {\n    \"kernel\": \"OK\",\n    \"modules\": 9,\n    \"wasm\": true,\n    \"memory\": {\n      \"rss\": 61358080,\n      \"heapTotal\": 12382208,\n      \"heapUsed\": 8946792,\n      \"external\": 3636216,\n      \"arrayBuffers\": 33710\n    }\n  }\n}"}}
{"ts":"2025-12-27T04:06:24.231Z","level":"info","component":"ai","message":"prompt_received","meta":{"prompt":"metrics"}}
{"ts":"2025-12-27T04:06:24.231Z","level":"info","component":"ai","message":"reply_generated","meta":{"prompt":"metrics","reply":"{\n  \"cycles\": 0,\n  \"errors\": 0,\n  \"uptime\": 402\n}"}}
{"ts":"2025-12-27T04:07:56.810Z","level":"info","component":"ai","message":"prompt_received","meta":{"prompt":"status"}}
{"ts":"2025-12-27T04:07:56.810Z","level":"info","component":"ai","message":"reply_generated","meta":{"prompt":"status","reply":"{\n  \"status\": \"RUNNING\",\n  \"mode\": \"RUN\",\n  \"successRate\": 100\n}"}}
{"ts":"2025-12-27T04:07:56.811Z","level":"info","component":"ai","message":"prompt_received","meta":{"prompt":"health"}}
{"ts":"2025-12-27T04:07:56.811Z","level":"info","component":"ai","message":"reply_generated","meta":{"prompt":"health","reply":"{\n  \"health\": \"HEALTHY\",\n  \"uptime\": 6637,\n  \"memory\": {\n    \"rss\": 60895232,\n    \"heapTotal\": 12382208,\n    \"heapUsed\": 8465104,\n    \"external\": 3627941,\n    \"arrayBuffers\": 25435\n  }\n}"}}
{"ts":"2025-12-27T04:07:56.813Z","level":"info","component":"ai","message":"prompt_received","meta":{"prompt":"diagnostics"}}
{"ts":"2025-12-27T04:07:56.813Z","level":"info","component":"ai","message":"reply_generated","meta":{"prompt":"diagnostics","reply":"{\n  \"diagnostics\": {\n    \"kernel\": \"OK\",\n    \"modules\": 9,\n    \"wasm\": true,\n    \"memory\": {\n      \"rss\": 60895232,\n      \"heapTotal\": 12382208,\n      \"heapUsed\": 9080840,\n      \"external\": 3627965,\n      \"arrayBuffers\": 25459\n    }\n  }\n}"}}
{"ts":"2025-12-27T04:07:56.814Z","level":"info","component":"ai","message":"prompt_received","meta":{"prompt":"metrics"}}
{"ts":"2025-12-27T04:07:56.814Z","level":"info","component":"ai","message":"reply_generated","meta":{"prompt":"metrics","reply":"{\n  \"cycles\": 0,\n  \"errors\": 0,\n  \"uptime\": 6\n}"}}
{"ts":"2025-12-27T04:22:07.295Z","level":"info","component":"ai","message":"prompt_received","meta":{"prompt":"status"}}
{"ts":"2025-12-27T04:22:07.295Z","level":"info","component":"ai","message":"reply_generated","meta":{"prompt":"status","reply":"{\n  \"status\": \"RUNNING\",\n  \"mode\": \"RUN\",\n  \"successRate\": 100\n}"}}
{"ts":"2025-12-27T04:22:07.302Z","level":"info","component":"ai","message":"prompt_received","meta":{"prompt":"hello"}}
{"ts":"2025-12-27T04:22:07.303Z","level":"info","component":"ai","message":"reply_generated","meta":{"prompt":"hello","reply":"LOCAL_MODEL: No exact seed match; suggest running diagnostics."}}
{"ts":"2025-12-27T04:22:43.603Z","level":"info","component":"ai","message":"prompt_received","meta":{"prompt":"status"}}
{"ts":"2025-12-27T04:22:43.604Z","level":"info","component":"ai","message":"reply_generated","meta":{"prompt":"status","reply":"{\n  \"status\": \"RUNNING\",\n  \"mode\": \"RUN\",\n  \"successRate\": 100\n}"}}
{"ts":"2025-12-27T04:22:43.609Z","level":"info","component":"ai","message":"prompt_received","meta":{"prompt":"health"}}
{"ts":"2025-12-27T04:22:43.609Z","level":"info","component":"ai","message":"reply_generated","meta":{"prompt":"health","reply":"{\n  \"health\": \"HEALTHY\",\n  \"uptime\": 54601,\n  \"memory\": {\n    \"rss\": 61812736,\n    \"heapTotal\": 9760768,\n    \"heapUsed\": 8193880,\n    \"external\": 3621895,\n    \"arrayBuffers\": 19389\n  }\n}"}}
{"ts":"2025-12-27T04:22:43.611Z","level":"info","component":"ai","message":"prompt_received","meta":{"prompt":"diagnostics"}}
{"ts":"2025-12-27T04:22:43.611Z","level":"info","component":"ai","message":"reply_generated","meta":{"prompt":"diagnostics","reply":"{\n  \"diagnostics\": {\n    \"kernel\": \"OK\",\n    \"modules\": 9,\n    \"wasm\": true,\n    \"memory\": {\n      \"rss\": 61812736,\n      \"heapTotal\": 9760768,\n      \"heapUsed\": 8231008,\n      \"external\": 3621919,\n      \"arrayBuffers\": 19413\n    }\n  }\n}"}}
{"ts":"2025-12-27T04:22:43.617Z","level":"info","component":"ai","message":"prompt_received","meta":{"prompt":"metrics"}}
{"ts":"2025-12-27T04:22:43.617Z","level":"info","component":"ai","message":"reply_generated","meta":{"prompt":"metrics","reply":"{\n  \"cycles\": 0,\n  \"errors\": 0,\n  \"uptime\": 54\n}"}}
{"ts":"2025-12-27T04:28:34.613Z","level":"info","component":"ai","message":"prompt_received","meta":{"prompt":"status"}}
{"ts":"2025-12-27T04:28:34.613Z","level":"info","component":"ai","message":"reply_generated","meta":{"prompt":"status","reply":"{\n  \"status\": \"RUNNING\",\n  \"mode\": \"RUN\",\n  \"successRate\": 100\n}"}}
{"ts":"2025-12-27T04:28:34.615Z","level":"info","component":"ai","message":"prompt_received","meta":{"prompt":"health"}}
{"ts":"2025-12-27T04:28:34.615Z","level":"info","component":"ai","message":"reply_generated","meta":{"prompt":"health","reply":"{\n  \"health\": \"HEALTHY\",\n  \"uptime\": 405607,\n  \"memory\": {\n    \"rss\": 61943808,\n    \"heapTotal\": 9760768,\n    \"heapUsed\": 8666640,\n    \"external\": 3622051,\n    \"arrayBuffers\": 19545\n  }\n}"}}
{"ts":"2025-12-27T04:28:34.616Z","level":"info","component":"ai","message":"prompt_received","meta":{"prompt":"diagnostics"}}
{"ts":"2025-12-27T04:28:34.617Z","level":"info","component":"ai","message":"reply_generated","meta":{"prompt":"diagnostics","reply":"{\n  \"diagnostics\": {\n    \"kernel\": \"OK\",\n    \"modules\": 9,\n    \"wasm\": true,\n    \"memory\": {\n      \"rss\": 61943808,\n      \"heapTotal\": 9760768,\n      \"heapUsed\": 8689864,\n      \"external\": 3622075,\n      \"arrayBuffers\": 19569\n    }\n  }\n}"}}
{"ts":"2025-12-27T04:28:34.620Z","level":"info","component":"ai","message":"prompt_received","meta":{"prompt":"metrics"}}
{"ts":"2025-12-27T04:28:34.620Z","level":"info","component":"ai","message":"reply_generated","meta":{"prompt":"metrics","reply":"{\n  \"cycles\": 0,\n  \"errors\": 0,\n  \"uptime\": 405\n}"}}
{"ts":"2025-12-27T04:36:44.124Z","level":"info","component":"ai","message":"prompt_received","meta":{"prompt":"status"}}
{"ts":"2025-12-27T04:36:44.124Z","level":"info","component":"ai","message":"reply_generated","meta":{"prompt":"status","reply":"{\n  \"status\": \"RUNNING\",\n  \"mode\": \"RUN\",\n  \"successRate\": 100\n}"}}
{"ts":"2025-12-27T04:36:44.125Z","level":"info","component":"ai","message":"prompt_received","meta":{"prompt":"health"}}
{"ts":"2025-12-27T04:36:44.129Z","level":"info","component":"ai","message":"reply_generated","meta":{"prompt":"health","reply":"{\n  \"health\": \"HEALTHY\",\n  \"uptime\": 895118,\n  \"memory\": {\n    \"rss\": 62730240,\n    \"heapTotal\": 10285056,\n    \"heapUsed\": 8689528,\n    \"external\": 3621989,\n    \"arrayBuffers\": 19483\n  }\n}"}}
{"ts":"2025-12-27T04:36:44.131Z","level":"info","component":"ai","message":"prompt_received","meta":{"prompt":"diagnostics"}}
{"ts":"2025-12-27T04:36:44.131Z","level":"info","component":"ai","message":"reply_generated","meta":{"prompt":"diagnostics","reply":"{\n  \"diagnostics\": {\n    \"kernel\": \"OK\",\n    \"modules\": 9,\n    \"wasm\": true,\n    \"memory\": {\n      \"rss\": 62730240,\n      \"heapTotal\": 10285056,\n      \"heapUsed\": 8569496,\n      \"external\": 3622013,\n      \"arrayBuffers\": 19507\n    }\n  }\n}"}}
{"ts":"2025-12-27T04:36:44.133Z","level":"info","component":"ai","message":"prompt_received","meta":{"prompt":"metrics"}}
{"ts":"2025-12-27T04:36:44.133Z","level":"info","component":"ai","message":"reply_generated","meta":{"prompt":"metrics","reply":"{\n  \"cycles\": 0,\n  \"errors\": 0,\n  \"uptime\": 895\n}"}}
{"ts":"2025-12-27T04:49:32.740Z","level":"info","component":"ai","message":"prompt_received","meta":{"prompt":"status"}}
{"ts":"2025-12-27T04:49:32.740Z","level":"info","component":"ai","message":"reply_generated","meta":{"prompt":"status","reply":"{\n  \"status\": \"RUNNING\",\n  \"mode\": \"RUN\",\n  \"successRate\": 100\n}"}}
{"ts":"2025-12-27T04:49:32.741Z","level":"info","component":"ai","message":"prompt_received","meta":{"prompt":"health"}}
{"ts":"2025-12-27T04:49:32.742Z","level":"info","component":"ai","message":"reply_generated","meta":{"prompt":"health","reply":"{\n  \"health\": \"HEALTHY\",\n  \"uptime\": 391224,\n  \"memory\": {\n    \"rss\": 61288448,\n    \"heapTotal\": 12382208,\n    \"heapUsed\": 8828944,\n    \"external\": 3627941,\n    \"arrayBuffers\": 25435\n  }\n}"}}
{"ts":"2025-12-27T04:49:32.743Z","level":"info","component":"ai","message":"prompt_received","meta":{"prompt":"diagnostics"}}
{"ts":"2025-12-27T04:49:32.743Z","level":"info","component":"ai","message":"reply_generated","meta":{"prompt":"diagnostics","reply":"{\n  \"diagnostics\": {\n    \"kernel\": \"OK\",\n    \"modules\": 9,\n    \"wasm\": true,\n    \"memory\": {\n      \"rss\": 61288448,\n      \"heapTotal\": 12382208,\n      \"heapUsed\": 8860688,\n      \"external\": 3627965,\n      \"arrayBuffers\": 25459\n    }\n  }\n}"}}
{"ts":"2025-12-27T04:49:32.744Z","level":"info","component":"ai","message":"prompt_received","meta":{"prompt":"metrics"}}
{"ts":"2025-12-27T04:49:32.744Z","level":"info","component":"ai","message":"reply_generated","meta":{"prompt":"metrics","reply":"{\n  \"cycles\": 0,\n  \"errors\": 0,\n  \"uptime\": 391\n}"}}
