{"ts":"2025-11-26T10:36:17.456Z","type":"websocket","message":"server_initialized","meta":{"service":"terminal"}}
{"ts":"2025-11-26T10:48:40.541Z","type":"websocket","message":"server_initialized","meta":{"service":"terminal"}}
{"ts":"2025-11-26T13:11:06.850Z","type":"websocket","message":"server_initialized","meta":{"service":"terminal"}}
{"ts":"2025-11-26T13:13:47.161Z","type":"terminal","message":"all_closed","meta":{"count":0}}
{"ts":"2025-11-26T13:16:31.088Z","type":"websocket","message":"server_initialized","meta":{"service":"terminal"}}
{"ts":"2025-11-26T15:03:11.556Z","type":"websocket","message":"server_initialized","meta":{"service":"terminal"}}
{"ts":"2025-11-28T03:50:38.191Z","type":"websocket","message":"server_initialized","meta":{"service":"terminal"}}
{"ts":"2025-11-29T04:17:12.708Z","type":"websocket","message":"server_initialized","meta":{"service":"terminal"}}
{"ts":"2025-11-29T07:28:06.522Z","type":"websocket","message":"server_initialized","meta":{"service":"terminal"}}
{"ts":"2025-11-29T07:52:09.978Z","type":"websocket","message":"server_initialized","meta":{"service":"terminal"}}
{"ts":"2025-11-29T08:36:30.803Z","type":"websocket","message":"server_initialized","meta":{"service":"terminal"}}
{"ts":"2025-11-29T11:20:00.461Z","type":"websocket","message":"server_initialized","meta":{"service":"terminal"}}
{"ts":"2025-11-29T11:23:44.524Z","type":"terminal","message":"all_closed","meta":{"count":0}}
{"ts":"2025-11-29T12:39:33.527Z","type":"websocket","message":"server_initialized","meta":{"service":"terminal"}}
{"ts":"2025-12-04T10:56:38.979Z","type":"websocket","message":"server_initialized","meta":{"service":"terminal"}}
{"ts":"2025-12-04T11:08:31.378Z","type":"terminal","message":"all_closed","meta":{"count":0}}
{"ts":"2025-12-04T11:08:56.917Z","type":"websocket","message":"server_initialized","meta":{"service":"terminal"}}
{"ts":"2025-12-04T11:21:55.511Z","type":"terminal","message":"all_closed","meta":{"count":0}}
{"ts":"2025-12-04T11:22:12.983Z","type":"websocket","message":"server_initialized","meta":{"service":"terminal"}}
{"ts":"2025-12-04T11:30:42.946Z","type":"terminal","message":"all_closed","meta":{"count":0}}
{"ts":"2025-12-04T11:31:26.904Z","type":"websocket","message":"server_initialized","meta":{"service":"terminal"}}
{"ts":"2025-12-04T11:32:16.842Z","type":"terminal","message":"all_closed","meta":{"count":0}}
{"ts":"2025-12-04T11:33:08.893Z","type":"websocket","message":"server_initialized","meta":{"service":"terminal"}}
{"ts":"2025-12-04T11:49:16.085Z","type":"terminal","message":"all_closed","meta":{"count":0}}
{"ts":"2025-12-04T11:50:29.792Z","type":"websocket","message":"server_initialized","meta":{"service":"terminal"}}
{"ts":"2025-12-04T11:51:14.922Z","type":"terminal","message":"all_closed","meta":{"count":0}}
{"ts":"2025-12-04T11:51:41.068Z","type":"websocket","message":"server_initialized","meta":{"service":"terminal"}}
{"ts":"2025-12-06T01:41:58.425Z","type":"websocket","message":"server_initialized","meta":{"service":"terminal"}}
{"ts":"2025-12-06T01:43:38.178Z","type":"terminal","message":"all_closed","meta":{"count":0}}
{"ts":"2025-12-06T01:49:31.312Z","type":"websocket","message":"server_initialized","meta":{"service":"terminal"}}
{"ts":"2025-12-06T02:45:59.754Z","type":"websocket","message":"server_initialized","meta":{"service":"terminal"}}
{"ts":"2025-12-06T02:53:29.308Z","type":"terminal","message":"all_closed","meta":{"count":0}}
{"ts":"2025-12-06T02:53:52.091Z","type":"websocket","message":"server_initialized","meta":{"service":"terminal"}}
{"ts":"2025-12-06T02:55:43.129Z","type":"terminal","message":"all_closed","meta":{"count":0}}
{"ts":"2025-12-06T02:57:17.003Z","type":"websocket","message":"server_initialized","meta":{"service":"terminal"}}
{"ts":"2025-12-06T22:19:27.683Z","type":"websocket","message":"server_initialized","meta":{"service":"terminal"}}
{"ts":"2025-12-07T05:30:24.703Z","type":"websocket","category":"websocket","action":"log","severity":"info","message":"server_initialized","details":{"service":"terminal"}}
{"ts":"2025-12-07T06:09:58.955Z","type":"terminal","category":"terminal","action":"log","severity":"info","message":"all_closed","details":{"count":0}}
{"ts":"2025-12-07T06:17:26.439Z","type":"websocket","category":"websocket","action":"log","severity":"info","message":"server_initialized","details":{"service":"terminal"}}
{"ts":"2025-12-07T06:29:22.631Z","type":"terminal","category":"terminal","action":"log","severity":"info","message":"all_closed","details":{"count":0}}
{"ts":"2025-12-07T06:36:19.931Z","type":"websocket","category":"websocket","action":"log","severity":"info","message":"server_initialized","details":{"service":"terminal"}}
{"ts":"2025-12-07T06:38:01.492Z","type":"terminal","category":"terminal","action":"log","severity":"info","message":"created","details":{"terminalId":"ouklui","userId":"admin-console"}}
{"ts":"2025-12-07T06:38:55.692Z","type":"terminal","category":"terminal","action":"log","severity":"info","message":"closed","details":{"terminalId":"ouklui","userId":"admin-console"}}
{"ts":"2025-12-07T10:25:08.899Z","type":"websocket","category":"websocket","action":"log","severity":"info","message":"server_initialized","details":{"service":"terminal"}}
{"ts":"2025-12-07T12:07:15.299Z","type":"websocket","category":"websocket","action":"log","severity":"info","message":"server_initialized","details":{"service":"terminal"}}
{"ts":"2025-12-07T21:35:48.888Z","type":"websocket","category":"websocket","action":"log","severity":"info","message":"server_initialized","details":{"service":"terminal"}}
{"ts":"2025-12-07T21:57:02.082Z","type":"terminal","category":"terminal","action":"log","severity":"info","message":"all_closed","details":{"count":0}}
